# TIL
> Today I Learned

This is a placeholder description used for testing.

_4 TILs and counting..._

---

### 3 most recent TILs

- [how to set a background to black](css/how-to-set-background-to-black.md) - Sat Apr 25 19:39:03 2020 +0800
- [How to add a CSS border](css/how-to-add-a-border.md) - Sat Apr 25 17:53:55 2020 +0800
- [How to make a div](html/how-to-make-a-div.md) - Sat Apr 25 17:53:55 2020 +0800

### Categories

- [css](#css)
- [html](#html)
- [k8s](#k8s)

### [css](#css)
- [How to add a CSS border](css/how-to-add-a-border.md)
- [how to set a background to black](css/how-to-set-background-to-black.md)

### [html](#html)
- [How to make a div](html/how-to-make-a-div.md)

### [k8s](#k8s)
- [how to blow up a k8s cluster](k8s/how-to-blow-up-a-cluster.md)

here is where the markdown footer links would go
